
> rsproyecto@1.0.0 test
> jest --passWithNoTests

PASS tests/models/venta.test.js
  buildInParams — generación de parámetros SQL IN
    √ llama request.input una vez por código (10 ms)
    √ con un solo código genera @cod0 (2 ms)
  getTotalVentas
    √ retorna el total_ventas del primer recordset (1 ms)
    √ retorna 0 si el recordset no tiene total_ventas (undefined ?? 0) (1 ms)
    √ retorna 0 si el recordset está vacío (1 ms)
    √ propaga error de Softland (32 ms)
  getResumenPorVendedor
    √ retorna el recordset completo (3 ms)
    √ retorna array vacío si no hay ventas (1 ms)
    √ llama buildPrecioListaRealCASE con los campos correctos (2 ms)
    √ propaga error (2 ms)
  getClientesPorVendedor
    √ retorna el recordset de clientes (1 ms)
    √ array vacío si no hay resultados
    √ propaga error (4 ms)
  getVentas
    √ retorna lista de folios con formato esperado (1 ms)
    √ retorna array vacío si no hay ventas (1 ms)
    √ propaga error (1 ms)
  getMontoFolio
    √ retorna el primer registro si existe (1 ms)
    √ retorna null si el folio no existe (recordset vacío) (1 ms)
    √ propaga error (1 ms)
  getDetalleFolio
    √ retorna líneas del folio (1 ms)
    √ retorna array vacío si el folio no tiene líneas (1 ms)
    √ llama buildDivisorCASE con la fecha del encabezado (1 ms)
    √ llama buildPrecioListaRealCASE con los 6 campos requeridos
    √ propaga error de Softland (1 ms)
  getDescuentosVendedor
    √ retorna resumen de descuentos por vendedor
    √ retorna array vacío si no hay descuentos (1 ms)
    √ llama buildPrecioListaRealCASE una vez (1 ms)
    √ propaga error (1 ms)

PASS tests/routes/indicadores.test.js
  indicadores — fetchJson
    √ parsea JSON válido correctamente (332 ms)
    √ estructura de respuesta tiene ok, dolar y uf (4 ms)
  indicadores — lógica de caché
    √ caché TTL está definido como 5 minutos (300000 ms) (1 ms)
    √ valor dolar es número positivo si API responde bien (2 ms)
    √ valor uf es número positivo si API responde bien (1 ms)
    √ valor null cuando API falla — manejado con fallback (1 ms)
  indicadores — formato de respuesta
    √ fecha en ISO 8601 válida (2 ms)
    √ actualizadoEn es fecha ISO válida (4 ms)
    √ ok:false cuando fuente no responde (6 ms)

PASS tests/utils/validators.test.js
  validateFolio
    √ retorna el número entero para un folio válido (11 ms)
    √ acepta el folio mínimo (1) (1 ms)
    √ acepta el folio máximo (9999999) (3 ms)
    √ lanza Error con folio 0 (20 ms)
    √ lanza Error con folio negativo (2 ms)
    √ lanza Error con folio que supera 9999999 (1 ms)
    √ lanza Error con string no numérico (7 ms)
    √ lanza Error con inyección SQL (5 ms)
    √ lanza Error con null (2 ms)
    √ lanza Error con undefined (1 ms)
    √ lanza Error con número decimal (6 ms)
  validateCodVendedor
    √ retorna el código válido como string limpio (1 ms)
    √ acepta código de 1 carácter alfanumérico
    √ acepta código de exactamente 20 caracteres (1 ms)
    √ elimina espacios al inicio y final antes de validar (1 ms)
    √ lanza Error con código de 21 caracteres (1 ms)
    √ lanza Error con string vacío (1 ms)
    √ lanza Error con null (2 ms)
    √ lanza Error con caracteres especiales no permitidos (punto) (1 ms)
    √ lanza Error con inyección SQL (espacio + comilla) (1 ms)
    √ lanza Error con barra diagonal (1 ms)
  validatePorcentaje
    √ retorna el valor entero redondeado para porcentaje válido
    √ acepta el mínimo (1) (1 ms)
    √ acepta el máximo (100)
    √ redondea el valor al entero más cercano (1 ms)
    √ lanza Error con 0 (2 ms)
    √ lanza Error con 101 (2 ms)
    √ lanza Error con valor negativo (2 ms)
    √ lanza Error con string no numérico (1 ms)
    √ lanza Error con null (1 ms)
    √ lanza Error con undefined (1 ms)
  validateId
    √ retorna el entero para un ID válido (1 ms)
    √ acepta ID mínimo (1)
    √ acepta ID grande (1 ms)
    √ lanza Error con ID 0 (1 ms)
    √ lanza Error con ID negativo (1 ms)
    √ lanza Error con string no numérico (1 ms)
    √ lanza Error con null (1 ms)
    √ lanza Error con undefined (1 ms)
    √ lanza Error con inyección SQL (1 ms)

PASS tests/routes/dashboard.test.js
  GET /api/dashboard/resumen — devuelve KPIs correctos
    √ retorna ok:true con estructura de KPIs (64 ms)
    √ retorna 400 con mes inválido (8 ms)
    √ sin vendedores retorna KPIs en cero (10 ms)
  GET /api/dashboard/evolucion — evolución mensual
    √ retorna array de 12 meses con ok:true (14 ms)
    √ año inválido retorna error (8 ms)
  POST /api/dashboard/compartir — asigna porcentaje a folio
    √ retorna 400 si falta vendedor compartido (38 ms)
    √ retorna error si faltan parámetros obligatorios (8 ms)
    √ porcentaje fuera de rango retorna 400 (8 ms)

  console.error
    [ADMIN] Error al obtener usuarios: Error: DB caída
        at Object.<anonymous> (C:\Users\Gabriel\OneDrive - TEXPRO\Escritorio\RSProyectoComun\RSProyecto\tests\routes\admin.test.js:57:37)
        at Promise.finally.completed (C:\Users\Gabriel\OneDrive - TEXPRO\Escritorio\RSProyectoComun\RSProyecto\node_modules\jest-circus\build\jestAdapterInit.js:1557:28)
        at new Promise (<anonymous>)
        at callAsyncCircusFn (C:\Users\Gabriel\OneDrive - TEXPRO\Escritorio\RSProyectoComun\RSProyecto\node_modules\jest-circus\build\jestAdapterInit.js:1497:10)
        at _callCircusTest (C:\Users\Gabriel\OneDrive - TEXPRO\Escritorio\RSProyectoComun\RSProyecto\node_modules\jest-circus\build\jestAdapterInit.js:1007:40)
        at processTicksAndRejections (node:internal/process/task_queues:95:5)
        at _runTest (C:\Users\Gabriel\OneDrive - TEXPRO\Escritorio\RSProyectoComun\RSProyecto\node_modules\jest-circus\build\jestAdapterInit.js:947:3)
        at C:\Users\Gabriel\OneDrive - TEXPRO\Escritorio\RSProyectoComun\RSProyecto\node_modules\jest-circus\build\jestAdapterInit.js:849:7
        at _runTestsForDescribeBlock (C:\Users\Gabriel\OneDrive - TEXPRO\Escritorio\RSProyectoComun\RSProyecto\node_modules\jest-circus\build\jestAdapterInit.js:862:11)
        at _runTestsForDescribeBlock (C:\Users\Gabriel\OneDrive - TEXPRO\Escritorio\RSProyectoComun\RSProyecto\node_modules\jest-circus\build\jestAdapterInit.js:857:11)
        at run (C:\Users\Gabriel\OneDrive - TEXPRO\Escritorio\RSProyectoComun\RSProyecto\node_modules\jest-circus\build\jestAdapterInit.js:761:3)
        at runAndTransformResultsToJestFormat (C:\Users\Gabriel\OneDrive - TEXPRO\Escritorio\RSProyectoComun\RSProyecto\node_modules\jest-circus\build\jestAdapterInit.js:1918:21)
        at jestAdapter (C:\Users\Gabriel\OneDrive - TEXPRO\Escritorio\RSProyectoComun\RSProyecto\node_modules\jest-circus\build\runner.js:101:19)
        at runTestInternal (C:\Users\Gabriel\OneDrive - TEXPRO\Escritorio\RSProyectoComun\RSProyecto\node_modules\jest-runner\build\testWorker.js:275:16)
        at runTest (C:\Users\Gabriel\OneDrive - TEXPRO\Escritorio\RSProyectoComun\RSProyecto\node_modules\jest-runner\build\testWorker.js:343:7)
        at Object.worker (C:\Users\Gabriel\OneDrive - TEXPRO\Escritorio\RSProyectoComun\RSProyecto\node_modules\jest-runner\build\testWorker.js:497:12)

    [0m [90m 56 |[39m     res[33m.[39mjson({ ok[33m:[39m [36mtrue[39m[33m,[39m data[33m:[39m rows })[33m;[39m
     [90m 57 |[39m   } [36mcatch[39m (err) {
    [31m[1m>[22m[39m[90m 58 |[39m     console[33m.[39merror([32m'[ADMIN] Error al obtener usuarios:'[39m[33m,[39m err)[33m;[39m
     [90m    |[39m             [31m[1m^[22m[39m
     [90m 59 |[39m     res[33m.[39mstatus([35m500[39m)[33m.[39mjson({ ok[33m:[39m [36mfalse[39m[33m,[39m error[33m:[39m [32m'Error al obtener usuarios'[39m })[33m;[39m
     [90m 60 |[39m   }
     [90m 61 |[39m })[33m;[39m[0m

      at error (src/routes/admin.js:58:13)

  console.error
    [GET /api/notificaciones] DB error

    [0m [90m 57 |[39m   } [36mcatch[39m (err) {
     [90m 58 |[39m     [90m// Se registra error interno, pero al cliente se envía mensaje genérico.[39m
    [31m[1m>[22m[39m[90m 59 |[39m     console[33m.[39merror([32m'[GET /api/notificaciones]'[39m[33m,[39m err[33m.[39mmessage)[33m;[39m
     [90m    |[39m             [31m[1m^[22m[39m
     [90m 60 |[39m     res[33m.[39mstatus([35m500[39m)[33m.[39mjson({ ok[33m:[39m [36mfalse[39m[33m,[39m error[33m:[39m [32m'Error al obtener notificaciones'[39m })[33m;[39m
     [90m 61 |[39m   }
     [90m 62 |[39m })[33m;[39m[0m

      at error (src/routes/notificaciones.js:59:13)

  console.error
    [GET /api/notificaciones/contador] DB error

    [0m [90m 70 |[39m     res[33m.[39mjson({ ok[33m:[39m [36mtrue[39m[33m,[39m total })[33m;[39m
     [90m 71 |[39m   } [36mcatch[39m (err) {
    [31m[1m>[22m[39m[90m 72 |[39m     console[33m.[39merror([32m'[GET /api/notificaciones/contador]'[39m[33m,[39m err[33m.[39mmessage)[33m;[39m
     [90m    |[39m             [31m[1m^[22m[39m
     [90m 73 |[39m     res[33m.[39mstatus([35m500[39m)[33m.[39mjson({ ok[33m:[39m [36mfalse[39m[33m,[39m error[33m:[39m [32m'Error al obtener contador'[39m })[33m;[39m
     [90m 74 |[39m   }
     [90m 75 |[39m })[33m;[39m[0m

      at error (src/routes/notificaciones.js:72:13)

PASS tests/routes/notificaciones.test.js
  GET /api/notificaciones
    √ devuelve ok:true con array de notificaciones (65 ms)
    √ acepta query soloNoLeidas=1 (9 ms)
    √ acepta query limit=10 (7 ms)
  GET /api/notificaciones/contador
    √ devuelve ok:true y total numérico (6 ms)
    √ total es mayor o igual a 0 (6 ms)
  PATCH /api/notificaciones/:id/leer
    √ devuelve ok:true con ID válido (7 ms)
    √ devuelve 400 con ID 0 (6 ms)
    √ devuelve 400 con ID no numérico (NaN) (13 ms)
  PATCH /api/notificaciones/leer-todo
    √ devuelve ok:true (7 ms)
  notificaciones — manejo de errores
    √ GET retorna 500 si el modelo lanza error (85 ms)
    √ contador retorna 500 si el modelo lanza error (19 ms)

  console.error
    [GET /api/auth/me] DB error

    [0m [90m 103 |[39m     res[33m.[39mjson({ ok[33m:[39m [36mtrue[39m[33m,[39m user[33m:[39m { [33m...[39muser[33m,[39m vendedores } })[33m;[39m
     [90m 104 |[39m   } [36mcatch[39m (err) {
    [31m[1m>[22m[39m[90m 105 |[39m     console[33m.[39merror([32m'[GET /api/auth/me]'[39m[33m,[39m err[33m.[39mmessage)[33m;[39m
     [90m     |[39m             [31m[1m^[22m[39m
     [90m 106 |[39m     res[33m.[39mstatus([35m500[39m)[33m.[39mjson({ ok[33m:[39m [36mfalse[39m[33m,[39m error[33m:[39m [32m'Error interno'[39m })[33m;[39m
     [90m 107 |[39m   }
     [90m 108 |[39m })[33m;[39m[0m

      at error (src/routes/auth.js:105:13)

  console.error
    [alertas GET] Error: db
        at Object.<anonymous> (C:\Users\Gabriel\OneDrive - TEXPRO\Escritorio\RSProyectoComun\RSProyecto\tests\routes\alertas.test.js:118:41)
        at Promise.finally.completed (C:\Users\Gabriel\OneDrive - TEXPRO\Escritorio\RSProyectoComun\RSProyecto\node_modules\jest-circus\build\jestAdapterInit.js:1557:28)
        at new Promise (<anonymous>)
        at callAsyncCircusFn (C:\Users\Gabriel\OneDrive - TEXPRO\Escritorio\RSProyectoComun\RSProyecto\node_modules\jest-circus\build\jestAdapterInit.js:1497:10)
        at _callCircusTest (C:\Users\Gabriel\OneDrive - TEXPRO\Escritorio\RSProyectoComun\RSProyecto\node_modules\jest-circus\build\jestAdapterInit.js:1007:40)
        at processTicksAndRejections (node:internal/process/task_queues:95:5)
        at _runTest (C:\Users\Gabriel\OneDrive - TEXPRO\Escritorio\RSProyectoComun\RSProyecto\node_modules\jest-circus\build\jestAdapterInit.js:947:3)
        at C:\Users\Gabriel\OneDrive - TEXPRO\Escritorio\RSProyectoComun\RSProyecto\node_modules\jest-circus\build\jestAdapterInit.js:849:7
        at _runTestsForDescribeBlock (C:\Users\Gabriel\OneDrive - TEXPRO\Escritorio\RSProyectoComun\RSProyecto\node_modules\jest-circus\build\jestAdapterInit.js:862:11)
        at _runTestsForDescribeBlock (C:\Users\Gabriel\OneDrive - TEXPRO\Escritorio\RSProyectoComun\RSProyecto\node_modules\jest-circus\build\jestAdapterInit.js:857:11)
        at run (C:\Users\Gabriel\OneDrive - TEXPRO\Escritorio\RSProyectoComun\RSProyecto\node_modules\jest-circus\build\jestAdapterInit.js:761:3)
        at runAndTransformResultsToJestFormat (C:\Users\Gabriel\OneDrive - TEXPRO\Escritorio\RSProyectoComun\RSProyecto\node_modules\jest-circus\build\jestAdapterInit.js:1918:21)
        at jestAdapter (C:\Users\Gabriel\OneDrive - TEXPRO\Escritorio\RSProyectoComun\RSProyecto\node_modules\jest-circus\build\runner.js:101:19)
        at runTestInternal (C:\Users\Gabriel\OneDrive - TEXPRO\Escritorio\RSProyectoComun\RSProyecto\node_modules\jest-runner\build\testWorker.js:275:16)
        at runTest (C:\Users\Gabriel\OneDrive - TEXPRO\Escritorio\RSProyectoComun\RSProyecto\node_modules\jest-runner\build\testWorker.js:343:7)
        at Object.worker (C:\Users\Gabriel\OneDrive - TEXPRO\Escritorio\RSProyectoComun\RSProyecto\node_modules\jest-runner\build\testWorker.js:497:12)

    [0m [90m 113 |[39m     res[33m.[39mjson({ ok[33m:[39m [36mtrue[39m[33m,[39m data })[33m;[39m
     [90m 114 |[39m   } [36mcatch[39m (e) {
    [31m[1m>[22m[39m[90m 115 |[39m     console[33m.[39merror([32m'[alertas GET]'[39m[33m,[39m e)[33m;[39m
     [90m     |[39m             [31m[1m^[22m[39m
     [90m 116 |[39m     res[33m.[39mstatus([35m500[39m)[33m.[39mjson({ ok[33m:[39m [36mfalse[39m[33m,[39m error[33m:[39m [32m'Error al obtener alertas'[39m })[33m;[39m
     [90m 117 |[39m   }
     [90m 118 |[39m })[33m;[39m[0m

      at error (src/routes/alertas.js:115:13)

PASS tests/routes/admin.test.js
  admin — estructura del router
    √ el módulo admin.js exporta un router válido (9 ms)
  GET /api/admin/usuarios
    √ devuelve lista de usuarios con ok:true (59 ms)
    √ retorna 500 si DB falla (97 ms)
  GET /api/admin/usuarios/:id
    √ devuelve usuario por ID (13 ms)
    √ retorna 404 si el usuario no existe (8 ms)
  PUT /api/admin/usuarios/:id
    √ actualiza usuario correctamente (26 ms)
    √ retorna 400 si admin intenta quitarse permisos a sí mismo (8 ms)
  POST /api/admin/usuarios/:id/toggle-activo
    √ desactiva un usuario activo (8 ms)
    √ activa un usuario inactivo (14 ms)
    √ retorna 404 si el usuario no existe (7 ms)
  admin — validaciones
    √ is_admin true da acceso de administrador (1 ms)
    √ is_admin false niega acceso de administrador (1 ms)
    √ sub es el identificador único del usuario en el JWT (1 ms)

PASS tests/routes/auth.test.js
  POST /api/auth/login
    √ devuelve token con credenciales válidas (69 ms)
    √ devuelve 401 con contraseña incorrecta (20 ms)
    √ devuelve 401 si el usuario no existe (10 ms)
    √ devuelve 401 si el usuario está inactivo (7 ms)
    √ devuelve 400 si faltan email o password (6 ms)
  GET /api/auth/me
    √ devuelve perfil con token válido (13 ms)
    √ retorna 500 si la BD falla (104 ms)
  POST /api/auth/logout
    √ devuelve ok:true (8 ms)

  console.error
    [alertas contador] Error: fail
        at Object.<anonymous> (C:\Users\Gabriel\OneDrive - TEXPRO\Escritorio\RSProyectoComun\RSProyecto\tests\routes\alertas.test.js:137:41)
        at Promise.finally.completed (C:\Users\Gabriel\OneDrive - TEXPRO\Escritorio\RSProyectoComun\RSProyecto\node_modules\jest-circus\build\jestAdapterInit.js:1557:28)
        at new Promise (<anonymous>)
        at callAsyncCircusFn (C:\Users\Gabriel\OneDrive - TEXPRO\Escritorio\RSProyectoComun\RSProyecto\node_modules\jest-circus\build\jestAdapterInit.js:1497:10)
        at _callCircusTest (C:\Users\Gabriel\OneDrive - TEXPRO\Escritorio\RSProyectoComun\RSProyecto\node_modules\jest-circus\build\jestAdapterInit.js:1007:40)
        at processTicksAndRejections (node:internal/process/task_queues:95:5)
        at _runTest (C:\Users\Gabriel\OneDrive - TEXPRO\Escritorio\RSProyectoComun\RSProyecto\node_modules\jest-circus\build\jestAdapterInit.js:947:3)
        at C:\Users\Gabriel\OneDrive - TEXPRO\Escritorio\RSProyectoComun\RSProyecto\node_modules\jest-circus\build\jestAdapterInit.js:849:7
        at _runTestsForDescribeBlock (C:\Users\Gabriel\OneDrive - TEXPRO\Escritorio\RSProyectoComun\RSProyecto\node_modules\jest-circus\build\jestAdapterInit.js:862:11)
        at _runTestsForDescribeBlock (C:\Users\Gabriel\OneDrive - TEXPRO\Escritorio\RSProyectoComun\RSProyecto\node_modules\jest-circus\build\jestAdapterInit.js:857:11)
        at run (C:\Users\Gabriel\OneDrive - TEXPRO\Escritorio\RSProyectoComun\RSProyecto\node_modules\jest-circus\build\jestAdapterInit.js:761:3)
        at runAndTransformResultsToJestFormat (C:\Users\Gabriel\OneDrive - TEXPRO\Escritorio\RSProyectoComun\RSProyecto\node_modules\jest-circus\build\jestAdapterInit.js:1918:21)
        at jestAdapter (C:\Users\Gabriel\OneDrive - TEXPRO\Escritorio\RSProyectoComun\RSProyecto\node_modules\jest-circus\build\runner.js:101:19)
        at runTestInternal (C:\Users\Gabriel\OneDrive - TEXPRO\Escritorio\RSProyectoComun\RSProyecto\node_modules\jest-runner\build\testWorker.js:275:16)
        at runTest (C:\Users\Gabriel\OneDrive - TEXPRO\Escritorio\RSProyectoComun\RSProyecto\node_modules\jest-runner\build\testWorker.js:343:7)
        at Object.worker (C:\Users\Gabriel\OneDrive - TEXPRO\Escritorio\RSProyectoComun\RSProyecto\node_modules\jest-runner\build\testWorker.js:497:12)

    [0m [90m 137 |[39m     res[33m.[39mjson({ ok[33m:[39m [36mtrue[39m[33m,[39m total })[33m;[39m
     [90m 138 |[39m   } [36mcatch[39m (e) {
    [31m[1m>[22m[39m[90m 139 |[39m     console[33m.[39merror([32m'[alertas contador]'[39m[33m,[39m e)[33m;[39m
     [90m     |[39m             [31m[1m^[22m[39m
     [90m 140 |[39m     res[33m.[39mstatus([35m500[39m)[33m.[39mjson({ ok[33m:[39m [36mfalse[39m[33m,[39m error[33m:[39m [32m'Error al obtener contador'[39m })[33m;[39m
     [90m 141 |[39m   }
     [90m 142 |[39m })[33m;[39m[0m

      at error (src/routes/alertas.js:139:13)

PASS tests/utils/jwt.test.js
  generarToken
    √ retorna un string (token JWT) (9 ms)
    √ el payload contiene sub, email, is_admin, vendedores y area (4 ms)
    √ acepta id en lugar de sub (retrocompatibilidad) (3 ms)
    √ sub tiene precedencia sobre id cuando ambos están presentes (3 ms)
    √ vendedores queda como array vacío si no se proporciona (4 ms)
    √ area queda como string vacío si no se proporciona (7 ms)
    √ is_admin se convierte a boolean: 1 → true (2 ms)
    √ lanza Error cuando JWT_SECRET no está definido (24 ms)
  verificarToken
    √ verifica y retorna el payload de un token válido (5 ms)
    √ lanza JsonWebTokenError con firma inválida (23 ms)
    √ lanza JsonWebTokenError con token completamente malformado (1 ms)
    √ lanza TokenExpiredError con token expirado (5 ms)
    √ lanza Error cuando JWT_SECRET no está definido (2 ms)
    √ payload incluye iat y exp (4 ms)

  console.error
    [alertas badge] Error: fail
        at Object.<anonymous> (C:\Users\Gabriel\OneDrive - TEXPRO\Escritorio\RSProyectoComun\RSProyecto\tests\routes\alertas.test.js:155:41)
        at Promise.finally.completed (C:\Users\Gabriel\OneDrive - TEXPRO\Escritorio\RSProyectoComun\RSProyecto\node_modules\jest-circus\build\jestAdapterInit.js:1557:28)
        at new Promise (<anonymous>)
        at callAsyncCircusFn (C:\Users\Gabriel\OneDrive - TEXPRO\Escritorio\RSProyectoComun\RSProyecto\node_modules\jest-circus\build\jestAdapterInit.js:1497:10)
        at _callCircusTest (C:\Users\Gabriel\OneDrive - TEXPRO\Escritorio\RSProyectoComun\RSProyecto\node_modules\jest-circus\build\jestAdapterInit.js:1007:40)
        at processTicksAndRejections (node:internal/process/task_queues:95:5)
        at _runTest (C:\Users\Gabriel\OneDrive - TEXPRO\Escritorio\RSProyectoComun\RSProyecto\node_modules\jest-circus\build\jestAdapterInit.js:947:3)
        at C:\Users\Gabriel\OneDrive - TEXPRO\Escritorio\RSProyectoComun\RSProyecto\node_modules\jest-circus\build\jestAdapterInit.js:849:7
        at _runTestsForDescribeBlock (C:\Users\Gabriel\OneDrive - TEXPRO\Escritorio\RSProyectoComun\RSProyecto\node_modules\jest-circus\build\jestAdapterInit.js:862:11)
        at _runTestsForDescribeBlock (C:\Users\Gabriel\OneDrive - TEXPRO\Escritorio\RSProyectoComun\RSProyecto\node_modules\jest-circus\build\jestAdapterInit.js:857:11)
        at run (C:\Users\Gabriel\OneDrive - TEXPRO\Escritorio\RSProyectoComun\RSProyecto\node_modules\jest-circus\build\jestAdapterInit.js:761:3)
        at runAndTransformResultsToJestFormat (C:\Users\Gabriel\OneDrive - TEXPRO\Escritorio\RSProyectoComun\RSProyecto\node_modules\jest-circus\build\jestAdapterInit.js:1918:21)
        at jestAdapter (C:\Users\Gabriel\OneDrive - TEXPRO\Escritorio\RSProyectoComun\RSProyecto\node_modules\jest-circus\build\runner.js:101:19)
        at runTestInternal (C:\Users\Gabriel\OneDrive - TEXPRO\Escritorio\RSProyectoComun\RSProyecto\node_modules\jest-runner\build\testWorker.js:275:16)
        at runTest (C:\Users\Gabriel\OneDrive - TEXPRO\Escritorio\RSProyectoComun\RSProyecto\node_modules\jest-runner\build\testWorker.js:343:7)
        at Object.worker (C:\Users\Gabriel\OneDrive - TEXPRO\Escritorio\RSProyectoComun\RSProyecto\node_modules\jest-runner\build\testWorker.js:497:12)

    [0m [90m 161 |[39m     res[33m.[39mjson({ ok[33m:[39m [36mtrue[39m[33m,[39m total })[33m;[39m
     [90m 162 |[39m   } [36mcatch[39m (e) {
    [31m[1m>[22m[39m[90m 163 |[39m     console[33m.[39merror([32m'[alertas badge]'[39m[33m,[39m e)[33m;[39m
     [90m     |[39m             [31m[1m^[22m[39m
     [90m 164 |[39m     res[33m.[39mstatus([35m500[39m)[33m.[39mjson({ ok[33m:[39m [36mfalse[39m[33m,[39m error[33m:[39m [32m'Error al obtener badge'[39m })[33m;[39m
     [90m 165 |[39m   }
     [90m 166 |[39m })[33m;[39m[0m

      at error (src/routes/alertas.js:163:13)

PASS tests/recuperar-password/recuperar.test.js
  POST /api/auth/recuperar
    √ envía OTP si el email existe (71 ms)
    √ responde OK aunque el email no exista (no revelar cuentas) (10 ms)
    √ retorna 400 si el email tiene formato inválido (10 ms)
    √ retorna 400 si el email está vacío (7 ms)
  POST /api/auth/verificar-otp
    √ valida el código OTP y retorna resetToken (17 ms)
    √ retorna 401 con OTP incorrecto o expirado (8 ms)
    √ retorna 400 si el OTP no tiene 6 dígitos (8 ms)
    √ retorna 400 si falta email (9 ms)
  POST /api/auth/nueva-password
    √ actualiza la contraseña con token y password válidos (11 ms)
    √ retorna 400 si password tiene menos de 8 caracteres (16 ms)
    √ retorna 401 con token de reset expirado o inválido (10 ms)
    √ retorna 404 si el usuario no existe o está inactivo (15 ms)
    √ retorna 400 si faltan campos (7 ms)

  console.error
    [alertas pendientes] Error: db
        at Object.<anonymous> (C:\Users\Gabriel\OneDrive - TEXPRO\Escritorio\RSProyectoComun\RSProyecto\tests\routes\alertas.test.js:255:41)
        at Promise.finally.completed (C:\Users\Gabriel\OneDrive - TEXPRO\Escritorio\RSProyectoComun\RSProyecto\node_modules\jest-circus\build\jestAdapterInit.js:1557:28)
        at new Promise (<anonymous>)
        at callAsyncCircusFn (C:\Users\Gabriel\OneDrive - TEXPRO\Escritorio\RSProyectoComun\RSProyecto\node_modules\jest-circus\build\jestAdapterInit.js:1497:10)
        at _callCircusTest (C:\Users\Gabriel\OneDrive - TEXPRO\Escritorio\RSProyectoComun\RSProyecto\node_modules\jest-circus\build\jestAdapterInit.js:1007:40)
        at processTicksAndRejections (node:internal/process/task_queues:95:5)
        at _runTest (C:\Users\Gabriel\OneDrive - TEXPRO\Escritorio\RSProyectoComun\RSProyecto\node_modules\jest-circus\build\jestAdapterInit.js:947:3)
        at C:\Users\Gabriel\OneDrive - TEXPRO\Escritorio\RSProyectoComun\RSProyecto\node_modules\jest-circus\build\jestAdapterInit.js:849:7
        at _runTestsForDescribeBlock (C:\Users\Gabriel\OneDrive - TEXPRO\Escritorio\RSProyectoComun\RSProyecto\node_modules\jest-circus\build\jestAdapterInit.js:862:11)
        at _runTestsForDescribeBlock (C:\Users\Gabriel\OneDrive - TEXPRO\Escritorio\RSProyectoComun\RSProyecto\node_modules\jest-circus\build\jestAdapterInit.js:857:11)
        at run (C:\Users\Gabriel\OneDrive - TEXPRO\Escritorio\RSProyectoComun\RSProyecto\node_modules\jest-circus\build\jestAdapterInit.js:761:3)
        at runAndTransformResultsToJestFormat (C:\Users\Gabriel\OneDrive - TEXPRO\Escritorio\RSProyectoComun\RSProyecto\node_modules\jest-circus\build\jestAdapterInit.js:1918:21)
        at jestAdapter (C:\Users\Gabriel\OneDrive - TEXPRO\Escritorio\RSProyectoComun\RSProyecto\node_modules\jest-circus\build\runner.js:101:19)
        at runTestInternal (C:\Users\Gabriel\OneDrive - TEXPRO\Escritorio\RSProyectoComun\RSProyecto\node_modules\jest-runner\build\testWorker.js:275:16)
        at runTest (C:\Users\Gabriel\OneDrive - TEXPRO\Escritorio\RSProyectoComun\RSProyecto\node_modules\jest-runner\build\testWorker.js:343:7)
        at Object.worker (C:\Users\Gabriel\OneDrive - TEXPRO\Escritorio\RSProyectoComun\RSProyecto\node_modules\jest-runner\build\testWorker.js:497:12)

    [0m [90m 205 |[39m     res[33m.[39mjson({ ok[33m:[39m [36mtrue[39m[33m,[39m data })[33m;[39m
     [90m 206 |[39m   } [36mcatch[39m (e) {
    [31m[1m>[22m[39m[90m 207 |[39m     console[33m.[39merror([32m'[alertas pendientes]'[39m[33m,[39m e)[33m;[39m
     [90m     |[39m             [31m[1m^[22m[39m
     [90m 208 |[39m     res[33m.[39mstatus([35m500[39m)[33m.[39mjson({ ok[33m:[39m [36mfalse[39m[33m,[39m error[33m:[39m [32m'Error al obtener alertas pendientes'[39m })[33m;[39m
     [90m 209 |[39m   }
     [90m 210 |[39m })[33m;[39m[0m

      at error (src/routes/alertas.js:207:13)

PASS tests/middlewares/requireAuth.test.js
  requireAuth
    √ responde 401 cuando no hay header Authorization (6 ms)
    √ responde 401 cuando Authorization no empieza con Bearer (1 ms)
    √ responde 401 cuando el token tiene firma inválida (9 ms)
    √ responde 401 con mensaje específico cuando el token está expirado (7 ms)
    √ llama next() con token válido y enriquece req.usuario (5 ms)
    √ acepta token legado con id y sin sub (4 ms)
    √ req.usuario.vendedores proviene de la BD (no del JWT) (5 ms)
    √ llama getVendedoresByUsuarioId con el sub del payload (3 ms)
  requireAdmin
    √ responde 403 cuando req.usuario.is_admin es false (1 ms)
    √ responde 403 cuando req.usuario es undefined (4 ms)
    √ llama next() cuando req.usuario.is_admin es true (5 ms)

  console.error
    [alertas usuarios] Error: db
        at Object.<anonymous> (C:\Users\Gabriel\OneDrive - TEXPRO\Escritorio\RSProyectoComun\RSProyecto\tests\routes\alertas.test.js:273:41)
        at Promise.finally.completed (C:\Users\Gabriel\OneDrive - TEXPRO\Escritorio\RSProyectoComun\RSProyecto\node_modules\jest-circus\build\jestAdapterInit.js:1557:28)
        at new Promise (<anonymous>)
        at callAsyncCircusFn (C:\Users\Gabriel\OneDrive - TEXPRO\Escritorio\RSProyectoComun\RSProyecto\node_modules\jest-circus\build\jestAdapterInit.js:1497:10)
        at _callCircusTest (C:\Users\Gabriel\OneDrive - TEXPRO\Escritorio\RSProyectoComun\RSProyecto\node_modules\jest-circus\build\jestAdapterInit.js:1007:40)
        at processTicksAndRejections (node:internal/process/task_queues:95:5)
        at _runTest (C:\Users\Gabriel\OneDrive - TEXPRO\Escritorio\RSProyectoComun\RSProyecto\node_modules\jest-circus\build\jestAdapterInit.js:947:3)
        at C:\Users\Gabriel\OneDrive - TEXPRO\Escritorio\RSProyectoComun\RSProyecto\node_modules\jest-circus\build\jestAdapterInit.js:849:7
        at _runTestsForDescribeBlock (C:\Users\Gabriel\OneDrive - TEXPRO\Escritorio\RSProyectoComun\RSProyecto\node_modules\jest-circus\build\jestAdapterInit.js:862:11)
        at _runTestsForDescribeBlock (C:\Users\Gabriel\OneDrive - TEXPRO\Escritorio\RSProyectoComun\RSProyecto\node_modules\jest-circus\build\jestAdapterInit.js:857:11)
        at run (C:\Users\Gabriel\OneDrive - TEXPRO\Escritorio\RSProyectoComun\RSProyecto\node_modules\jest-circus\build\jestAdapterInit.js:761:3)
        at runAndTransformResultsToJestFormat (C:\Users\Gabriel\OneDrive - TEXPRO\Escritorio\RSProyectoComun\RSProyecto\node_modules\jest-circus\build\jestAdapterInit.js:1918:21)
        at jestAdapter (C:\Users\Gabriel\OneDrive - TEXPRO\Escritorio\RSProyectoComun\RSProyecto\node_modules\jest-circus\build\runner.js:101:19)
        at runTestInternal (C:\Users\Gabriel\OneDrive - TEXPRO\Escritorio\RSProyectoComun\RSProyecto\node_modules\jest-runner\build\testWorker.js:275:16)
        at runTest (C:\Users\Gabriel\OneDrive - TEXPRO\Escritorio\RSProyectoComun\RSProyecto\node_modules\jest-runner\build\testWorker.js:343:7)
        at Object.worker (C:\Users\Gabriel\OneDrive - TEXPRO\Escritorio\RSProyectoComun\RSProyecto\node_modules\jest-runner\build\testWorker.js:497:12)

    [0m [90m 218 |[39m     res[33m.[39mjson({ ok[33m:[39m [36mtrue[39m[33m,[39m data[33m:[39m rows })[33m;[39m
     [90m 219 |[39m   } [36mcatch[39m (e) {
    [31m[1m>[22m[39m[90m 220 |[39m     console[33m.[39merror([32m'[alertas usuarios]'[39m[33m,[39m e)[33m;[39m
     [90m     |[39m             [31m[1m^[22m[39m
     [90m 221 |[39m     res[33m.[39mstatus([35m500[39m)[33m.[39mjson({ ok[33m:[39m [36mfalse[39m[33m,[39m error[33m:[39m [32m'Error al obtener usuarios'[39m })[33m;[39m
     [90m 222 |[39m   }
     [90m 223 |[39m })[33m;[39m[0m

      at error (src/routes/alertas.js:220:13)

PASS tests/routes/recuperar.test.js
  POST /api/recuperar/solicitar — envía OTP al email
    √ llama a crearOtp y enviarOtp con el email correcto (5 ms)
    √ no envía OTP si el usuario no existe (seguridad: no revelar cuentas) (1 ms)
    √ OTP generado tiene 6 dígitos (1 ms)
  POST /api/recuperar/verificar — valida código OTP
    √ OTP válido retorna true
    √ OTP incorrecto retorna false (1 ms)
    √ el resetToken debe incluir purpose=password_reset y el email (17 ms)
    √ resetToken expirado lanza JsonWebTokenError (23 ms)
  POST /api/recuperar/nueva-password — actualiza contraseña
    √ updatePassword retorna true si la cuenta existe (1 ms)
    √ updatePassword retorna false si el usuario no existe (40 ms)
    √ contraseña menor a 8 caracteres no debería aceptarse (2 ms)
    √ flujo completo: solicitar → verificar → actualizar (1 ms)

PASS tests/utils/mailer.test.js
  enviarOtp
    √ llama a Graph API con el token y destinatario correctos (31 ms)
    √ lanza error si faltan variables de entorno de Azure AD (48 ms)
    √ lanza error si falta MAIL_FROM_ADDRESS (20 ms)
    √ lanza error si Graph API responde con error (no 202) (5 ms)

PASS tests/config/db.softland.test.js
  getSoftlandPool
    √ retorna conexión activa (pool con connected:true) (21 ms)
    √ reutiliza el pool si ya está conectado (8 ms)
    √ lanza error si sql.connect falla (26 ms)
  closeSoftlandPool
    √ cierra la conexión sin error (24 ms)
    √ no lanza error si pool ya es null (4 ms)
  testConnection
    √ resuelve true con pool activo (4 ms)
    √ lanza error si la BD no está disponible (8 ms)

  console.error
    [alertas POST] Error: insert fail
        at Object.<anonymous> (C:\Users\Gabriel\OneDrive - TEXPRO\Escritorio\RSProyectoComun\RSProyecto\tests\routes\alertas.test.js:333:41)
        at Promise.finally.completed (C:\Users\Gabriel\OneDrive - TEXPRO\Escritorio\RSProyectoComun\RSProyecto\node_modules\jest-circus\build\jestAdapterInit.js:1557:28)
        at new Promise (<anonymous>)
        at callAsyncCircusFn (C:\Users\Gabriel\OneDrive - TEXPRO\Escritorio\RSProyectoComun\RSProyecto\node_modules\jest-circus\build\jestAdapterInit.js:1497:10)
        at _callCircusTest (C:\Users\Gabriel\OneDrive - TEXPRO\Escritorio\RSProyectoComun\RSProyecto\node_modules\jest-circus\build\jestAdapterInit.js:1007:40)
        at processTicksAndRejections (node:internal/process/task_queues:95:5)
        at _runTest (C:\Users\Gabriel\OneDrive - TEXPRO\Escritorio\RSProyectoComun\RSProyecto\node_modules\jest-circus\build\jestAdapterInit.js:947:3)
        at C:\Users\Gabriel\OneDrive - TEXPRO\Escritorio\RSProyectoComun\RSProyecto\node_modules\jest-circus\build\jestAdapterInit.js:849:7
        at _runTestsForDescribeBlock (C:\Users\Gabriel\OneDrive - TEXPRO\Escritorio\RSProyectoComun\RSProyecto\node_modules\jest-circus\build\jestAdapterInit.js:862:11)
        at _runTestsForDescribeBlock (C:\Users\Gabriel\OneDrive - TEXPRO\Escritorio\RSProyectoComun\RSProyecto\node_modules\jest-circus\build\jestAdapterInit.js:857:11)
        at run (C:\Users\Gabriel\OneDrive - TEXPRO\Escritorio\RSProyectoComun\RSProyecto\node_modules\jest-circus\build\jestAdapterInit.js:761:3)
        at runAndTransformResultsToJestFormat (C:\Users\Gabriel\OneDrive - TEXPRO\Escritorio\RSProyectoComun\RSProyecto\node_modules\jest-circus\build\jestAdapterInit.js:1918:21)
        at jestAdapter (C:\Users\Gabriel\OneDrive - TEXPRO\Escritorio\RSProyectoComun\RSProyecto\node_modules\jest-circus\build\runner.js:101:19)
        at runTestInternal (C:\Users\Gabriel\OneDrive - TEXPRO\Escritorio\RSProyectoComun\RSProyecto\node_modules\jest-runner\build\testWorker.js:275:16)
        at runTest (C:\Users\Gabriel\OneDrive - TEXPRO\Escritorio\RSProyectoComun\RSProyecto\node_modules\jest-runner\build\testWorker.js:343:7)
        at Object.worker (C:\Users\Gabriel\OneDrive - TEXPRO\Escritorio\RSProyectoComun\RSProyecto\node_modules\jest-runner\build\testWorker.js:497:12)

    [0m [90m 259 |[39m   } [36mcatch[39m (e) {
     [90m 260 |[39m     [36mawait[39m conn[33m.[39mrollback()[33m;[39m
    [31m[1m>[22m[39m[90m 261 |[39m     console[33m.[39merror([32m'[alertas POST]'[39m[33m,[39m e)[33m;[39m
     [90m     |[39m             [31m[1m^[22m[39m
     [90m 262 |[39m     res[33m.[39mstatus([35m500[39m)[33m.[39mjson({ ok[33m:[39m [36mfalse[39m[33m,[39m error[33m:[39m [32m'Error al crear alerta'[39m })[33m;[39m
     [90m 263 |[39m   } [36mfinally[39m {
     [90m 264 |[39m     conn[33m.[39mrelease()[33m;[39m[0m

      at error (src/routes/alertas.js:261:13)

PASS tests/dashboard.test.js
  validarMesAnio — validación de parámetros de fecha
    √ valores válidos no lanzan error (10 ms)
    √ retorna números enteros (2 ms)
    √ mes 1 (enero) es válido (1 ms)
    √ mes 12 (diciembre) es válido (1 ms)
    √ mes 13 lanza error (25 ms)
    √ mes 0 lanza error (26 ms)
    √ mes negativo lanza error (2 ms)
    √ año 1999 lanza error (4 ms)
    √ inyección SQL es rechazada (3 ms)
    √ string vacío usa mes actual como default (no lanza) (4 ms)
    √ undefined usa mes actual como default (no lanza) (1 ms)
  rtrim — limpieza de strings Softland
    √ elimina espacios al final
    √ no elimina espacios al inicio (1 ms)
    √ string sin espacios queda igual (2 ms)
    √ null retorna string vacío (1 ms)
    √ undefined retorna string vacío
  business-rules — reglas de negocio Texpro
    √ FACTOR_CANAL es 1.10
    √ cálculo de venta neta con factor canal (1 ms)
    √ MAX_INTENTOS_LOGIN es 10
  softland-columns — mapa de columnas SQL Server
    √ columna VENDEDOR definida
    √ columna FECHA definida (1 ms)
    √ columna SUBTOTAL definida
    √ columna TIPO_MOV definida

PASS tests/utils/otpStore.test.js
  crearOtp
    √ es una función (3 ms)
    √ retorna un string de exactamente 6 dígitos numéricos (2 ms)
    √ el código generado está entre 100000 y 999999 (8 ms)
    √ llama pool.execute exactamente 2 veces (UPDATE + INSERT) (1 ms)
    √ primer execute invalida OTPs anteriores del mismo email (UPDATE usado=1) (2 ms)
    √ segundo execute inserta el nuevo OTP con el email correcto (2 ms)
    √ propaga error si pool.execute falla (19 ms)
  verificarOtp
    √ es una función
    √ retorna true cuando el OTP existe y es válido (1 ms)
    √ retorna false cuando el OTP no existe o está expirado (2 ms)
    √ marca el OTP como usado (UPDATE usado=1) cuando es válido (1 ms)
    √ NO llama al segundo execute cuando el OTP es inválido (1 ms)
    √ propaga error si pool.execute falla (14 ms)

PASS tests/models/usuario.test.js
  findByEmail
    √ retorna usuario existente (6 ms)
    √ retorna null para email inexistente (12 ms)
    √ propaga error si la BD falla (16 ms)
  findById
    √ retorna perfil de usuario por ID (1 ms)
    √ retorna null si el ID no existe
  updateLastLogin
    √ retorna true si afectó filas (2 ms)
    √ retorna false si no afectó filas (1 ms)
  updatePassword
    √ actualiza hash correctamente y retorna true (1 ms)
    √ retorna false si el usuario no existe o está inactivo (1 ms)

PASS tests/login/login.test.js
  formulario de login
    √ valida email vacío (3 ms)
    √ valida contraseña vacía (1 ms)
    √ email con formato inválido retorna error (1 ms)
    √ email válido retorna null (1 ms)
    √ contraseña con contenido retorna null (1 ms)

  console.error
    [alertas PUT] Error: update fail
        at Object.<anonymous> (C:\Users\Gabriel\OneDrive - TEXPRO\Escritorio\RSProyectoComun\RSProyecto\tests\routes\alertas.test.js:375:30)
        at Promise.finally.completed (C:\Users\Gabriel\OneDrive - TEXPRO\Escritorio\RSProyectoComun\RSProyecto\node_modules\jest-circus\build\jestAdapterInit.js:1557:28)
        at new Promise (<anonymous>)
        at callAsyncCircusFn (C:\Users\Gabriel\OneDrive - TEXPRO\Escritorio\RSProyectoComun\RSProyecto\node_modules\jest-circus\build\jestAdapterInit.js:1497:10)
        at _callCircusTest (C:\Users\Gabriel\OneDrive - TEXPRO\Escritorio\RSProyectoComun\RSProyecto\node_modules\jest-circus\build\jestAdapterInit.js:1007:40)
        at processTicksAndRejections (node:internal/process/task_queues:95:5)
        at _runTest (C:\Users\Gabriel\OneDrive - TEXPRO\Escritorio\RSProyectoComun\RSProyecto\node_modules\jest-circus\build\jestAdapterInit.js:947:3)
        at C:\Users\Gabriel\OneDrive - TEXPRO\Escritorio\RSProyectoComun\RSProyecto\node_modules\jest-circus\build\jestAdapterInit.js:849:7
        at _runTestsForDescribeBlock (C:\Users\Gabriel\OneDrive - TEXPRO\Escritorio\RSProyectoComun\RSProyecto\node_modules\jest-circus\build\jestAdapterInit.js:862:11)
        at _runTestsForDescribeBlock (C:\Users\Gabriel\OneDrive - TEXPRO\Escritorio\RSProyectoComun\RSProyecto\node_modules\jest-circus\build\jestAdapterInit.js:857:11)
        at run (C:\Users\Gabriel\OneDrive - TEXPRO\Escritorio\RSProyectoComun\RSProyecto\node_modules\jest-circus\build\jestAdapterInit.js:761:3)
        at runAndTransformResultsToJestFormat (C:\Users\Gabriel\OneDrive - TEXPRO\Escritorio\RSProyectoComun\RSProyecto\node_modules\jest-circus\build\jestAdapterInit.js:1918:21)
        at jestAdapter (C:\Users\Gabriel\OneDrive - TEXPRO\Escritorio\RSProyectoComun\RSProyecto\node_modules\jest-circus\build\runner.js:101:19)
        at runTestInternal (C:\Users\Gabriel\OneDrive - TEXPRO\Escritorio\RSProyectoComun\RSProyecto\node_modules\jest-runner\build\testWorker.js:275:16)
        at runTest (C:\Users\Gabriel\OneDrive - TEXPRO\Escritorio\RSProyectoComun\RSProyecto\node_modules\jest-runner\build\testWorker.js:343:7)
        at Object.worker (C:\Users\Gabriel\OneDrive - TEXPRO\Escritorio\RSProyectoComun\RSProyecto\node_modules\jest-runner\build\testWorker.js:497:12)

    [0m [90m 301 |[39m   } [36mcatch[39m (e) {
     [90m 302 |[39m     [36mawait[39m conn[33m.[39mrollback()[33m;[39m
    [31m[1m>[22m[39m[90m 303 |[39m     console[33m.[39merror([32m'[alertas PUT]'[39m[33m,[39m e)[33m;[39m
     [90m     |[39m             [31m[1m^[22m[39m
     [90m 304 |[39m     res[33m.[39mstatus([35m500[39m)[33m.[39mjson({ ok[33m:[39m [36mfalse[39m[33m,[39m error[33m:[39m [32m'Error al editar alerta'[39m })[33m;[39m
     [90m 305 |[39m   } [36mfinally[39m {
     [90m 306 |[39m     conn[33m.[39mrelease()[33m;[39m[0m

      at error (src/routes/alertas.js:303:13)

  console.error
    [alertas completar] Error: db
        at Object.<anonymous> (C:\Users\Gabriel\OneDrive - TEXPRO\Escritorio\RSProyectoComun\RSProyecto\tests\routes\alertas.test.js:405:41)
        at Promise.finally.completed (C:\Users\Gabriel\OneDrive - TEXPRO\Escritorio\RSProyectoComun\RSProyecto\node_modules\jest-circus\build\jestAdapterInit.js:1557:28)
        at new Promise (<anonymous>)
        at callAsyncCircusFn (C:\Users\Gabriel\OneDrive - TEXPRO\Escritorio\RSProyectoComun\RSProyecto\node_modules\jest-circus\build\jestAdapterInit.js:1497:10)
        at _callCircusTest (C:\Users\Gabriel\OneDrive - TEXPRO\Escritorio\RSProyectoComun\RSProyecto\node_modules\jest-circus\build\jestAdapterInit.js:1007:40)
        at processTicksAndRejections (node:internal/process/task_queues:95:5)
        at _runTest (C:\Users\Gabriel\OneDrive - TEXPRO\Escritorio\RSProyectoComun\RSProyecto\node_modules\jest-circus\build\jestAdapterInit.js:947:3)
        at C:\Users\Gabriel\OneDrive - TEXPRO\Escritorio\RSProyectoComun\RSProyecto\node_modules\jest-circus\build\jestAdapterInit.js:849:7
        at _runTestsForDescribeBlock (C:\Users\Gabriel\OneDrive - TEXPRO\Escritorio\RSProyectoComun\RSProyecto\node_modules\jest-circus\build\jestAdapterInit.js:862:11)
        at _runTestsForDescribeBlock (C:\Users\Gabriel\OneDrive - TEXPRO\Escritorio\RSProyectoComun\RSProyecto\node_modules\jest-circus\build\jestAdapterInit.js:857:11)
        at run (C:\Users\Gabriel\OneDrive - TEXPRO\Escritorio\RSProyectoComun\RSProyecto\node_modules\jest-circus\build\jestAdapterInit.js:761:3)
        at runAndTransformResultsToJestFormat (C:\Users\Gabriel\OneDrive - TEXPRO\Escritorio\RSProyectoComun\RSProyecto\node_modules\jest-circus\build\jestAdapterInit.js:1918:21)
        at jestAdapter (C:\Users\Gabriel\OneDrive - TEXPRO\Escritorio\RSProyectoComun\RSProyecto\node_modules\jest-circus\build\runner.js:101:19)
        at runTestInternal (C:\Users\Gabriel\OneDrive - TEXPRO\Escritorio\RSProyectoComun\RSProyecto\node_modules\jest-runner\build\testWorker.js:275:16)
        at runTest (C:\Users\Gabriel\OneDrive - TEXPRO\Escritorio\RSProyectoComun\RSProyecto\node_modules\jest-runner\build\testWorker.js:343:7)
        at Object.worker (C:\Users\Gabriel\OneDrive - TEXPRO\Escritorio\RSProyectoComun\RSProyecto\node_modules\jest-runner\build\testWorker.js:497:12)

    [0m [90m 320 |[39m     res[33m.[39mjson({ ok[33m:[39m [36mtrue[39m })[33m;[39m
     [90m 321 |[39m   } [36mcatch[39m (e) {
    [31m[1m>[22m[39m[90m 322 |[39m     console[33m.[39merror([32m'[alertas completar]'[39m[33m,[39m e)[33m;[39m
     [90m     |[39m             [31m[1m^[22m[39m
     [90m 323 |[39m     res[33m.[39mstatus([35m500[39m)[33m.[39mjson({ ok[33m:[39m [36mfalse[39m[33m,[39m error[33m:[39m [32m'Error al completar alerta'[39m })[33m;[39m
     [90m 324 |[39m   }
     [90m 325 |[39m })[33m;[39m[0m

      at error (src/routes/alertas.js:322:13)

  console.error
    [alertas desactivar] Error: db
        at Object.<anonymous> (C:\Users\Gabriel\OneDrive - TEXPRO\Escritorio\RSProyectoComun\RSProyecto\tests\routes\alertas.test.js:434:41)
        at Promise.finally.completed (C:\Users\Gabriel\OneDrive - TEXPRO\Escritorio\RSProyectoComun\RSProyecto\node_modules\jest-circus\build\jestAdapterInit.js:1557:28)
        at new Promise (<anonymous>)
        at callAsyncCircusFn (C:\Users\Gabriel\OneDrive - TEXPRO\Escritorio\RSProyectoComun\RSProyecto\node_modules\jest-circus\build\jestAdapterInit.js:1497:10)
        at _callCircusTest (C:\Users\Gabriel\OneDrive - TEXPRO\Escritorio\RSProyectoComun\RSProyecto\node_modules\jest-circus\build\jestAdapterInit.js:1007:40)
        at processTicksAndRejections (node:internal/process/task_queues:95:5)
        at _runTest (C:\Users\Gabriel\OneDrive - TEXPRO\Escritorio\RSProyectoComun\RSProyecto\node_modules\jest-circus\build\jestAdapterInit.js:947:3)
        at C:\Users\Gabriel\OneDrive - TEXPRO\Escritorio\RSProyectoComun\RSProyecto\node_modules\jest-circus\build\jestAdapterInit.js:849:7
        at _runTestsForDescribeBlock (C:\Users\Gabriel\OneDrive - TEXPRO\Escritorio\RSProyectoComun\RSProyecto\node_modules\jest-circus\build\jestAdapterInit.js:862:11)
        at _runTestsForDescribeBlock (C:\Users\Gabriel\OneDrive - TEXPRO\Escritorio\RSProyectoComun\RSProyecto\node_modules\jest-circus\build\jestAdapterInit.js:857:11)
        at run (C:\Users\Gabriel\OneDrive - TEXPRO\Escritorio\RSProyectoComun\RSProyecto\node_modules\jest-circus\build\jestAdapterInit.js:761:3)
        at runAndTransformResultsToJestFormat (C:\Users\Gabriel\OneDrive - TEXPRO\Escritorio\RSProyectoComun\RSProyecto\node_modules\jest-circus\build\jestAdapterInit.js:1918:21)
        at jestAdapter (C:\Users\Gabriel\OneDrive - TEXPRO\Escritorio\RSProyectoComun\RSProyecto\node_modules\jest-circus\build\runner.js:101:19)
        at runTestInternal (C:\Users\Gabriel\OneDrive - TEXPRO\Escritorio\RSProyectoComun\RSProyecto\node_modules\jest-runner\build\testWorker.js:275:16)
        at runTest (C:\Users\Gabriel\OneDrive - TEXPRO\Escritorio\RSProyectoComun\RSProyecto\node_modules\jest-runner\build\testWorker.js:343:7)
        at Object.worker (C:\Users\Gabriel\OneDrive - TEXPRO\Escritorio\RSProyectoComun\RSProyecto\node_modules\jest-runner\build\testWorker.js:497:12)

    [0m [90m 337 |[39m     res[33m.[39mjson({ ok[33m:[39m [36mtrue[39m })[33m;[39m
     [90m 338 |[39m   } [36mcatch[39m (e) {
    [31m[1m>[22m[39m[90m 339 |[39m     console[33m.[39merror([32m'[alertas desactivar]'[39m[33m,[39m e)[33m;[39m
     [90m     |[39m             [31m[1m^[22m[39m
     [90m 340 |[39m     res[33m.[39mstatus([35m500[39m)[33m.[39mjson({ ok[33m:[39m [36mfalse[39m[33m,[39m error[33m:[39m [32m'Error al desactivar alerta'[39m })[33m;[39m
     [90m 341 |[39m   }
     [90m 342 |[39m })[33m;[39m[0m

      at error (src/routes/alertas.js:339:13)

  console.error
    [alertas descartar] Error: db
        at Object.<anonymous> (C:\Users\Gabriel\OneDrive - TEXPRO\Escritorio\RSProyectoComun\RSProyecto\tests\routes\alertas.test.js:454:41)
        at Promise.finally.completed (C:\Users\Gabriel\OneDrive - TEXPRO\Escritorio\RSProyectoComun\RSProyecto\node_modules\jest-circus\build\jestAdapterInit.js:1557:28)
        at new Promise (<anonymous>)
        at callAsyncCircusFn (C:\Users\Gabriel\OneDrive - TEXPRO\Escritorio\RSProyectoComun\RSProyecto\node_modules\jest-circus\build\jestAdapterInit.js:1497:10)
        at _callCircusTest (C:\Users\Gabriel\OneDrive - TEXPRO\Escritorio\RSProyectoComun\RSProyecto\node_modules\jest-circus\build\jestAdapterInit.js:1007:40)
        at processTicksAndRejections (node:internal/process/task_queues:95:5)
        at _runTest (C:\Users\Gabriel\OneDrive - TEXPRO\Escritorio\RSProyectoComun\RSProyecto\node_modules\jest-circus\build\jestAdapterInit.js:947:3)
        at C:\Users\Gabriel\OneDrive - TEXPRO\Escritorio\RSProyectoComun\RSProyecto\node_modules\jest-circus\build\jestAdapterInit.js:849:7
        at _runTestsForDescribeBlock (C:\Users\Gabriel\OneDrive - TEXPRO\Escritorio\RSProyectoComun\RSProyecto\node_modules\jest-circus\build\jestAdapterInit.js:862:11)
        at _runTestsForDescribeBlock (C:\Users\Gabriel\OneDrive - TEXPRO\Escritorio\RSProyectoComun\RSProyecto\node_modules\jest-circus\build\jestAdapterInit.js:857:11)
        at run (C:\Users\Gabriel\OneDrive - TEXPRO\Escritorio\RSProyectoComun\RSProyecto\node_modules\jest-circus\build\jestAdapterInit.js:761:3)
        at runAndTransformResultsToJestFormat (C:\Users\Gabriel\OneDrive - TEXPRO\Escritorio\RSProyectoComun\RSProyecto\node_modules\jest-circus\build\jestAdapterInit.js:1918:21)
        at jestAdapter (C:\Users\Gabriel\OneDrive - TEXPRO\Escritorio\RSProyectoComun\RSProyecto\node_modules\jest-circus\build\runner.js:101:19)
        at runTestInternal (C:\Users\Gabriel\OneDrive - TEXPRO\Escritorio\RSProyectoComun\RSProyecto\node_modules\jest-runner\build\testWorker.js:275:16)
        at runTest (C:\Users\Gabriel\OneDrive - TEXPRO\Escritorio\RSProyectoComun\RSProyecto\node_modules\jest-runner\build\testWorker.js:343:7)
        at Object.worker (C:\Users\Gabriel\OneDrive - TEXPRO\Escritorio\RSProyectoComun\RSProyecto\node_modules\jest-runner\build\testWorker.js:497:12)

    [0m [90m 357 |[39m     res[33m.[39mjson({ ok[33m:[39m [36mtrue[39m })[33m;[39m
     [90m 358 |[39m   } [36mcatch[39m (e) {
    [31m[1m>[22m[39m[90m 359 |[39m     console[33m.[39merror([32m'[alertas descartar]'[39m[33m,[39m e)[33m;[39m
     [90m     |[39m             [31m[1m^[22m[39m
     [90m 360 |[39m     res[33m.[39mstatus([35m500[39m)[33m.[39mjson({ ok[33m:[39m [36mfalse[39m[33m,[39m error[33m:[39m [32m'Error al descartar alerta'[39m })[33m;[39m
     [90m 361 |[39m   }
     [90m 362 |[39m })[33m;[39m[0m

      at error (src/routes/alertas.js:359:13)

PASS tests/config/db.test.js
  ✎ todo testConnection — resuelve true con pool activo
  ✎ todo testConnection — lanza error si la BD no está disponible

  console.error
    [alertas silenciar] Error: db
        at Object.<anonymous> (C:\Users\Gabriel\OneDrive - TEXPRO\Escritorio\RSProyectoComun\RSProyecto\tests\routes\alertas.test.js:472:41)
        at Promise.finally.completed (C:\Users\Gabriel\OneDrive - TEXPRO\Escritorio\RSProyectoComun\RSProyecto\node_modules\jest-circus\build\jestAdapterInit.js:1557:28)
        at new Promise (<anonymous>)
        at callAsyncCircusFn (C:\Users\Gabriel\OneDrive - TEXPRO\Escritorio\RSProyectoComun\RSProyecto\node_modules\jest-circus\build\jestAdapterInit.js:1497:10)
        at _callCircusTest (C:\Users\Gabriel\OneDrive - TEXPRO\Escritorio\RSProyectoComun\RSProyecto\node_modules\jest-circus\build\jestAdapterInit.js:1007:40)
        at processTicksAndRejections (node:internal/process/task_queues:95:5)
        at _runTest (C:\Users\Gabriel\OneDrive - TEXPRO\Escritorio\RSProyectoComun\RSProyecto\node_modules\jest-circus\build\jestAdapterInit.js:947:3)
        at C:\Users\Gabriel\OneDrive - TEXPRO\Escritorio\RSProyectoComun\RSProyecto\node_modules\jest-circus\build\jestAdapterInit.js:849:7
        at _runTestsForDescribeBlock (C:\Users\Gabriel\OneDrive - TEXPRO\Escritorio\RSProyectoComun\RSProyecto\node_modules\jest-circus\build\jestAdapterInit.js:862:11)
        at _runTestsForDescribeBlock (C:\Users\Gabriel\OneDrive - TEXPRO\Escritorio\RSProyectoComun\RSProyecto\node_modules\jest-circus\build\jestAdapterInit.js:857:11)
        at run (C:\Users\Gabriel\OneDrive - TEXPRO\Escritorio\RSProyectoComun\RSProyecto\node_modules\jest-circus\build\jestAdapterInit.js:761:3)
        at runAndTransformResultsToJestFormat (C:\Users\Gabriel\OneDrive - TEXPRO\Escritorio\RSProyectoComun\RSProyecto\node_modules\jest-circus\build\jestAdapterInit.js:1918:21)
        at jestAdapter (C:\Users\Gabriel\OneDrive - TEXPRO\Escritorio\RSProyectoComun\RSProyecto\node_modules\jest-circus\build\runner.js:101:19)
        at runTestInternal (C:\Users\Gabriel\OneDrive - TEXPRO\Escritorio\RSProyectoComun\RSProyecto\node_modules\jest-runner\build\testWorker.js:275:16)
        at runTest (C:\Users\Gabriel\OneDrive - TEXPRO\Escritorio\RSProyectoComun\RSProyecto\node_modules\jest-runner\build\testWorker.js:343:7)
        at Object.worker (C:\Users\Gabriel\OneDrive - TEXPRO\Escritorio\RSProyectoComun\RSProyecto\node_modules\jest-runner\build\testWorker.js:497:12)

    [0m [90m 374 |[39m     res[33m.[39mjson({ ok[33m:[39m [36mtrue[39m })[33m;[39m
     [90m 375 |[39m   } [36mcatch[39m (e) {
    [31m[1m>[22m[39m[90m 376 |[39m     console[33m.[39merror([32m'[alertas silenciar]'[39m[33m,[39m e)[33m;[39m
     [90m     |[39m             [31m[1m^[22m[39m
     [90m 377 |[39m     res[33m.[39mstatus([35m500[39m)[33m.[39mjson({ ok[33m:[39m [36mfalse[39m[33m,[39m error[33m:[39m [32m'Error al silenciar alerta'[39m })[33m;[39m
     [90m 378 |[39m   }
     [90m 379 |[39m })[33m;[39m[0m

      at error (src/routes/alertas.js:376:13)

  console.error
    [alertas DELETE] Error: db
        at Object.<anonymous> (C:\Users\Gabriel\OneDrive - TEXPRO\Escritorio\RSProyectoComun\RSProyecto\tests\routes\alertas.test.js:502:41)
        at Promise.finally.completed (C:\Users\Gabriel\OneDrive - TEXPRO\Escritorio\RSProyectoComun\RSProyecto\node_modules\jest-circus\build\jestAdapterInit.js:1557:28)
        at new Promise (<anonymous>)
        at callAsyncCircusFn (C:\Users\Gabriel\OneDrive - TEXPRO\Escritorio\RSProyectoComun\RSProyecto\node_modules\jest-circus\build\jestAdapterInit.js:1497:10)
        at _callCircusTest (C:\Users\Gabriel\OneDrive - TEXPRO\Escritorio\RSProyectoComun\RSProyecto\node_modules\jest-circus\build\jestAdapterInit.js:1007:40)
        at processTicksAndRejections (node:internal/process/task_queues:95:5)
        at _runTest (C:\Users\Gabriel\OneDrive - TEXPRO\Escritorio\RSProyectoComun\RSProyecto\node_modules\jest-circus\build\jestAdapterInit.js:947:3)
        at C:\Users\Gabriel\OneDrive - TEXPRO\Escritorio\RSProyectoComun\RSProyecto\node_modules\jest-circus\build\jestAdapterInit.js:849:7
        at _runTestsForDescribeBlock (C:\Users\Gabriel\OneDrive - TEXPRO\Escritorio\RSProyectoComun\RSProyecto\node_modules\jest-circus\build\jestAdapterInit.js:862:11)
        at _runTestsForDescribeBlock (C:\Users\Gabriel\OneDrive - TEXPRO\Escritorio\RSProyectoComun\RSProyecto\node_modules\jest-circus\build\jestAdapterInit.js:857:11)
        at run (C:\Users\Gabriel\OneDrive - TEXPRO\Escritorio\RSProyectoComun\RSProyecto\node_modules\jest-circus\build\jestAdapterInit.js:761:3)
        at runAndTransformResultsToJestFormat (C:\Users\Gabriel\OneDrive - TEXPRO\Escritorio\RSProyectoComun\RSProyecto\node_modules\jest-circus\build\jestAdapterInit.js:1918:21)
        at jestAdapter (C:\Users\Gabriel\OneDrive - TEXPRO\Escritorio\RSProyectoComun\RSProyecto\node_modules\jest-circus\build\runner.js:101:19)
        at runTestInternal (C:\Users\Gabriel\OneDrive - TEXPRO\Escritorio\RSProyectoComun\RSProyecto\node_modules\jest-runner\build\testWorker.js:275:16)
        at runTest (C:\Users\Gabriel\OneDrive - TEXPRO\Escritorio\RSProyectoComun\RSProyecto\node_modules\jest-runner\build\testWorker.js:343:7)
        at Object.worker (C:\Users\Gabriel\OneDrive - TEXPRO\Escritorio\RSProyectoComun\RSProyecto\node_modules\jest-runner\build\testWorker.js:497:12)

    [0m [90m 391 |[39m     res[33m.[39mjson({ ok[33m:[39m [36mtrue[39m })[33m;[39m
     [90m 392 |[39m   } [36mcatch[39m (e) {
    [31m[1m>[22m[39m[90m 393 |[39m     console[33m.[39merror([32m'[alertas DELETE]'[39m[33m,[39m e)[33m;[39m
     [90m     |[39m             [31m[1m^[22m[39m
     [90m 394 |[39m     res[33m.[39mstatus([35m500[39m)[33m.[39mjson({ ok[33m:[39m [36mfalse[39m[33m,[39m error[33m:[39m [32m'Error al eliminar alerta'[39m })[33m;[39m
     [90m 395 |[39m   }
     [90m 396 |[39m })[33m;[39m[0m

      at error (src/routes/alertas.js:393:13)

PASS tests/routes/alertas.test.js
  Helper diasRestantes — a través de GET /api/alertas
    √ fecha futura retorna días positivos en la respuesta (54 ms)
    √ fecha pasada retorna días negativos (11 ms)
    √ destinatarios_ids null se convierte en array vacío (11 ms)
    √ destinatarios_ids con string se convierte en array de números (7 ms)
    √ error en query retorna 500 (140 ms)
  GET /api/alertas/contador
    √ retorna total de alertas activas próximas (7 ms)
    √ error retorna 500 (20 ms)
  GET /api/alertas/badge
    √ alias de contador — retorna total (14 ms)
    √ error retorna 500 (20 ms)
  GET /api/alertas/pendientes — cubre debeRecordar
    √ frecuencia siempre — sin último rec → incluida (8 ms)
    √ frecuencia siempre — con último rec de hoy → incluida (siempre = true) (10 ms)
    √ frecuencia diaria — sin último rec → incluida (7 ms)
    √ frecuencia diaria — último rec de hoy → excluida (diff=0 < 1) (7 ms)
    √ frecuencia diaria — último rec de ayer → incluida (diff=1 >= 1) (7 ms)
    √ frecuencia semanal — último rec hace 3 días → excluida (diff=3 < 7) (6 ms)
    √ frecuencia semanal — último rec hace 7 días → incluida (diff=7 >= 7) (8 ms)
    √ frecuencia quincenal — último rec hace 10 días → excluida (diff=10 < 15) (7 ms)
    √ frecuencia quincenal — último rec hace 15 días → incluida (6 ms)
    √ frecuencia desconocida → incluida (rama default true) (13 ms)
    √ error en query retorna 500 (33 ms)
  GET /api/alertas/usuarios
    √ retorna lista de usuarios activos (6 ms)
    √ error retorna 500 (11 ms)
  POST /api/alertas
    √ crea alerta y retorna id (72 ms)
    √ sin título retorna 400 (5 ms)
    √ sin fecha_vence retorna 400 (7 ms)
    √ tipo inválido retorna 400 (39 ms)
    √ frecuencia inválida retorna 400 (13 ms)
    √ sin destinatarios explícitos — sólo se inserta uid del creador (7 ms)
    √ error en INSERT hace rollback y retorna 500 (31 ms)
  PUT /api/alertas/:id
    √ dueño puede editar su alerta (9 ms)
    √ alerta inexistente retorna 404 (10 ms)
    √ otro usuario sin is_admin retorna 403 (6 ms)
    √ error en UPDATE hace rollback (9 ms)
  PATCH /api/alertas/:id/completar
    √ dueño puede completar su alerta (4 ms)
    √ alerta inexistente retorna 404 (3 ms)
    √ usuario sin permisos retorna 403 (5 ms)
    √ error retorna 500 (6 ms)
  PATCH /api/alertas/:id/desactivar
    √ dueño puede desactivar (3 ms)
    √ no encontrada retorna 404 (5 ms)
    √ sin permisos retorna 403 (4 ms)
    √ error retorna 500 (6 ms)
  PATCH /api/alertas/:id/descartar
    √ guarda fecha de hoy como descartada_hoy y ultimo_recordatorio (8 ms)
    √ error retorna 500 (9 ms)
  PATCH /api/alertas/:id/silenciar
    √ silencia la alerta para el usuario (6 ms)
    √ error retorna 500 (11 ms)
  DELETE /api/alertas/:id
    √ dueño puede eliminar (6 ms)
    √ no encontrada retorna 404 (3 ms)
    √ otro usuario sin admin retorna 403 (4 ms)
    √ error retorna 500 (8 ms)

  console.error
    [cartera] Error: Error: Softland no disponible
        at Object.<anonymous> (C:\Users\Gabriel\OneDrive - TEXPRO\Escritorio\RSProyectoComun\RSProyecto\tests\routes\cartera.test.js:100:43)
        at Promise.finally.completed (C:\Users\Gabriel\OneDrive - TEXPRO\Escritorio\RSProyectoComun\RSProyecto\node_modules\jest-circus\build\jestAdapterInit.js:1557:28)
        at new Promise (<anonymous>)
        at callAsyncCircusFn (C:\Users\Gabriel\OneDrive - TEXPRO\Escritorio\RSProyectoComun\RSProyecto\node_modules\jest-circus\build\jestAdapterInit.js:1497:10)
        at _callCircusTest (C:\Users\Gabriel\OneDrive - TEXPRO\Escritorio\RSProyectoComun\RSProyecto\node_modules\jest-circus\build\jestAdapterInit.js:1007:40)
        at processTicksAndRejections (node:internal/process/task_queues:95:5)
        at _runTest (C:\Users\Gabriel\OneDrive - TEXPRO\Escritorio\RSProyectoComun\RSProyecto\node_modules\jest-circus\build\jestAdapterInit.js:947:3)
        at C:\Users\Gabriel\OneDrive - TEXPRO\Escritorio\RSProyectoComun\RSProyecto\node_modules\jest-circus\build\jestAdapterInit.js:849:7
        at _runTestsForDescribeBlock (C:\Users\Gabriel\OneDrive - TEXPRO\Escritorio\RSProyectoComun\RSProyecto\node_modules\jest-circus\build\jestAdapterInit.js:862:11)
        at _runTestsForDescribeBlock (C:\Users\Gabriel\OneDrive - TEXPRO\Escritorio\RSProyectoComun\RSProyecto\node_modules\jest-circus\build\jestAdapterInit.js:857:11)
        at run (C:\Users\Gabriel\OneDrive - TEXPRO\Escritorio\RSProyectoComun\RSProyecto\node_modules\jest-circus\build\jestAdapterInit.js:761:3)
        at runAndTransformResultsToJestFormat (C:\Users\Gabriel\OneDrive - TEXPRO\Escritorio\RSProyectoComun\RSProyecto\node_modules\jest-circus\build\jestAdapterInit.js:1918:21)
        at jestAdapter (C:\Users\Gabriel\OneDrive - TEXPRO\Escritorio\RSProyectoComun\RSProyecto\node_modules\jest-circus\build\runner.js:101:19)
        at runTestInternal (C:\Users\Gabriel\OneDrive - TEXPRO\Escritorio\RSProyectoComun\RSProyecto\node_modules\jest-runner\build\testWorker.js:275:16)
        at runTest (C:\Users\Gabriel\OneDrive - TEXPRO\Escritorio\RSProyectoComun\RSProyecto\node_modules\jest-runner\build\testWorker.js:343:7)
        at Object.worker (C:\Users\Gabriel\OneDrive - TEXPRO\Escritorio\RSProyectoComun\RSProyecto\node_modules\jest-runner\build\testWorker.js:497:12)

    [0m [90m 228 |[39m
     [90m 229 |[39m   } [36mcatch[39m (err) {
    [31m[1m>[22m[39m[90m 230 |[39m     console[33m.[39merror([32m'[cartera] Error:'[39m[33m,[39m err)[33m;[39m
     [90m     |[39m             [31m[1m^[22m[39m
     [90m 231 |[39m     res[33m.[39mstatus([35m500[39m)[33m.[39mjson({ ok[33m:[39m [36mfalse[39m[33m,[39m error[33m:[39m err[33m.[39mmessage })[33m;[39m
     [90m 232 |[39m   }
     [90m 233 |[39m })[33m;[39m[0m

      at error (src/routes/cartera.js:230:13)

PASS tests/routes/cartera.test.js
  GET /api/cartera
    √ devuelve ok:true con KPIs y arrays de segmentos (34 ms)
    √ response incluye arrays: total, activos, inactivos, nuevos, recuperados (8 ms)
    √ parametriza codigos de vendedor en consulta Softland (7 ms)
    √ KPIs son números (9 ms)
    √ sin códigos vendedor devuelve KPIs en 0 y arrays vacíos (6 ms)
    √ retorna 500 si Softland lanza error (67 ms)
  cartera — lógica de segmentación de clientes
    √ EsActivo=1 clasifica en activos (1 ms)
    √ EsInactivo=1 clasifica en inactivos (1 ms)
    √ EsNuevo=1 clasifica en nuevos (11 ms)
    √ EsRecuperado=1 clasifica en recuperados (2 ms)
    √ TotalClientes = length del array total (1 ms)

  console.error
    [GET /api/ventas] Softland no disponible

    [0m [90m 79 |[39m     res[33m.[39mjson({ ok[33m:[39m [36mtrue[39m[33m,[39m ventas })[33m;[39m
     [90m 80 |[39m   } [36mcatch[39m (err) {
    [31m[1m>[22m[39m[90m 81 |[39m     console[33m.[39merror([32m'[GET /api/ventas]'[39m[33m,[39m err[33m.[39mmessage)[33m;[39m
     [90m    |[39m             [31m[1m^[22m[39m
     [90m 82 |[39m     res[33m.[39mstatus([35m500[39m)[33m.[39mjson({ ok[33m:[39m [36mfalse[39m[33m,[39m error[33m:[39m [32m'Error al obtener ventas'[39m })[33m;[39m
     [90m 83 |[39m   }
     [90m 84 |[39m })[33m;[39m[0m

      at error (src/routes/ventas.js:81:13)

PASS tests/routes/ventas.test.js
  GET /api/ventas — requiere autenticación JWT
    √ sin token (mock bypassed) igual responde 200 con ok:true (34 ms)
    √ usuario sin vendedores asignados retorna array vacío (6 ms)
  GET /api/ventas — filtra por mes y año correctamente
    √ mes y año válidos retorna ventas del período (4 ms)
    √ mes inválido (13) retorna 400 (3 ms)
    √ mes 0 retorna 400 (4 ms)
    √ año anterior a 2000 retorna 400 (4 ms)
    √ sin parámetros usa defaults (mes y año actuales) (5 ms)
  GET /api/ventas — valida códigos de vendedor
    √ la query se ejecuta con los códigos del usuario autenticado (3 ms)
    √ los vendedores del payload se mapean correctamente a cod_vendedor
    √ vendedor con cod_vendedor null se filtra del array (1 ms)
    √ error en modelo retorna 500 (59 ms)
  GET /api/ventas clientes e historial
    √ autocomplete no filtra clientes por vendedor (6 ms)
    √ historial de cliente no filtra documentos por vendedor (4 ms)

PASS tests/utils/pbkdf2Django.test.js
  parseDjangoHash
    √ parsea correctamente un hash válido (9 ms)
    √ lanza Error si el input es null (24 ms)
    √ lanza Error si el input es string vacío (3 ms)
    √ lanza Error si tiene menos de 4 partes separadas por $ (1 ms)
    √ lanza Error si tiene más de 4 partes (2 ms)
    √ lanza Error si las iteraciones no son un número (2 ms)
    √ lanza Error si las iteraciones son 0 (5 ms)
    √ lanza Error si las iteraciones son negativas (1 ms)
  verifyPasswordDjango
    √ retorna true para contraseña correcta (hash de referencia) (2 ms)
    √ retorna false para contraseña incorrecta (2 ms)
    √ retorna false si se modifica 1 caracter del hash (1 ms)
    √ lanza Error si el algoritmo no es pbkdf2_sha256 (2 ms)
    √ distingue contraseñas con diferente capitalización (1 ms)
  hashPasswordDjango
    √ retorna un string en formato Django pbkdf2_sha256 (786 ms)
    √ hashPasswordDjango + verifyPasswordDjango → round-trip exitoso (1066 ms)
    √ contraseña incorrecta no pasa el round-trip (744 ms)
    √ genera salts diferentes en cada llamada (734 ms)
  parseDjangoHash — integración con verifyPasswordDjango
    √ parseDjangoHash sobre un hash generado retorna las 4 propiedades correctas (1 ms)

Test Suites: 22 passed, 22 total
Tests:       2 todo, 318 passed, 320 total
Snapshots:   0 total
Time:        4.693 s, estimated 6 s
Ran all test suites.
Force exiting Jest: Have you considered using `--detectOpenHandles` to detect async operations that kept running after all tests finished?
